[{"path":"annotationTest.java","fileType":"code","lines":[{"lineNumber":1,"author":{"gitId":"-"},"content":"fake all the lines in this file is writtened by fakeAuthor","isFullCredit":true},{"lineNumber":2,"author":{"gitId":"-"},"content":"fake","isFullCredit":true},{"lineNumber":3,"author":{"gitId":"-"},"content":"fake","isFullCredit":true},{"lineNumber":4,"author":{"gitId":"-"},"content":"fake","isFullCredit":true},{"lineNumber":5,"author":{"gitId":"harryggg"},"content":"//@@author harryggg","isFullCredit":true},{"lineNumber":6,"author":{"gitId":"harryggg"},"content":"line 1","isFullCredit":true},{"lineNumber":7,"author":{"gitId":"harryggg"},"content":"line 2","isFullCredit":true},{"lineNumber":8,"author":{"gitId":"harryggg"},"content":"line 3","isFullCredit":true},{"lineNumber":9,"author":{"gitId":"harryggg"},"content":"//@@author","isFullCredit":true},{"lineNumber":10,"author":{"gitId":"-"},"content":"fake","isFullCredit":true},{"lineNumber":11,"author":{"gitId":"-"},"content":"fake","isFullCredit":true}],"authorContributionMap":{"harryggg":5,"-":6}},{"path":"blameTest.java","fileType":"code","lines":[{"lineNumber":1,"author":{"gitId":"harryggg"},"content":"line 1","isFullCredit":true},{"lineNumber":2,"author":{"gitId":"harryggg"},"content":"line 2","isFullCredit":true},{"lineNumber":3,"author":{"gitId":"-"},"content":"fake","isFullCredit":true},{"lineNumber":4,"author":{"gitId":"harryggg"},"content":"line 3","isFullCredit":true}],"authorContributionMap":{"harryggg":3,"-":1}},{"path":"newFile.java","fileType":"code","lines":[{"lineNumber":1,"author":{"gitId":"harryggg"},"content":"line 1","isFullCredit":true},{"lineNumber":2,"author":{"gitId":"harryggg"},"content":"line 2","isFullCredit":true}],"authorContributionMap":{"harryggg":2}},{"path":"newPos/movedFile.java","fileType":"code","lines":[{"lineNumber":1,"author":{"gitId":"harryggg"},"content":"line 1","isFullCredit":true},{"lineNumber":2,"author":{"gitId":"harryggg"},"content":"line 2","isFullCredit":true},{"lineNumber":3,"author":{"gitId":"harryggg"},"content":"line 3","isFullCredit":true},{"lineNumber":4,"author":{"gitId":"harryggg"},"content":"line 4","isFullCredit":true}],"authorContributionMap":{"harryggg":4}}]
